// Jest Snapshot v1, https://goo.gl/fbAQLP

exports[`intergration rendering test of home page 1`] = `
<header
  class="header"
>
  <div
    class="py-4 row"
  >
    <div
      class="col-12 col-md-6"
    >
      <i
        class="fas fa-carrot"
      />
      <h1
        class="pl-2 d-inline-flex"
      >
        Grocery List
      </h1>
    </div>
    <div
      class="pr-1 d-flex justify-content-md-center col-12 col-md-6"
    >
      <div
        class="c-search-bar position-relative"
      >
        <input
          class="rounded-pill px-2"
          id="search"
          placeholder="Search by Category"
          type="text"
          value=""
        />
        <i
          class="fas fa-search position-absolute"
        />
      </div>
    </div>
    <button
      class="c-add-item rounded-circle position-fixed"
      data-testid="add-button"
    >
      <i
        class="fas fa-plus"
      />
    </button>
  </div>
</header>
`;
